Questa Altera FPGA Edition-64 qrun 2025.2 Utility 2025.05 May 31 2025
Start time: 22:49:06 on Apr 27,2026
qrun -compile -noautoorder -parallel -outdir ./libraries -vlog.options -end -vcom.options -end -vlog.ext=+.vo -vlog.ext=+.vt -vcom.ext=+.vho -sv -suppress 13338 -f modelsim_com.f 
** Note: (qrun-220) '/opt/questa/questa_fe/linux_x86_64/../modelsim.ini' is used as the ini file.
Mapping library 'altera_common_sv_packages' to './libraries/altera_common_sv_packages'.
** Note: (vmap-220) '/opt/questa/questa_fe/linux_x86_64/../modelsim.ini' is used as the ini file.
Mapping library 'altera_avalon_jtag_uart_1932' to './libraries/altera_avalon_jtag_uart_1932'.
** Note: (vmap-220) '/opt/questa/questa_fe/linux_x86_64/../modelsim.ini' is used as the ini file.
Mapping library 'top_juart' to './libraries/top_juart'.
** Note: (vmap-220) '/opt/questa/questa_fe/linux_x86_64/../modelsim.ini' is used as the ini file.
Mapping library 'altera_reset_controller_1924' to './libraries/altera_reset_controller_1924'.
** Note: (vmap-220) '/opt/questa/questa_fe/linux_x86_64/../modelsim.ini' is used as the ini file.
Mapping library 'intel_niosv_c_unit_420' to './libraries/intel_niosv_c_unit_420'.
** Note: (vmap-220) '/opt/questa/questa_fe/linux_x86_64/../modelsim.ini' is used as the ini file.
Mapping library 'intel_niosv_c_420' to './libraries/intel_niosv_c_420'.
** Note: (vmap-220) '/opt/questa/questa_fe/linux_x86_64/../modelsim.ini' is used as the ini file.
Mapping library 'top_niosv' to './libraries/top_niosv'.
** Note: (vmap-220) '/opt/questa/questa_fe/linux_x86_64/../modelsim.ini' is used as the ini file.
Mapping library 'intel_onchip_memory_1411' to './libraries/intel_onchip_memory_1411'.
** Note: (vmap-220) '/opt/questa/questa_fe/linux_x86_64/../modelsim.ini' is used as the ini file.
Mapping library 'top_ram' to './libraries/top_ram'.
** Note: (vmap-220) '/opt/questa/questa_fe/linux_x86_64/../modelsim.ini' is used as the ini file.
Mapping library 'top_clk' to './libraries/top_clk'.
** Note: (vmap-220) '/opt/questa/questa_fe/linux_x86_64/../modelsim.ini' is used as the ini file.
Mapping library 'altera_error_response_slave_1931' to './libraries/altera_error_response_slave_1931'.
** Note: (vmap-220) '/opt/questa/questa_fe/linux_x86_64/../modelsim.ini' is used as the ini file.
Mapping library 'altera_merlin_axi_translator_1987' to './libraries/altera_merlin_axi_translator_1987'.
** Note: (vmap-220) '/opt/questa/questa_fe/linux_x86_64/../modelsim.ini' is used as the ini file.
Mapping library 'altera_merlin_slave_translator_191' to './libraries/altera_merlin_slave_translator_191'.
** Note: (vmap-220) '/opt/questa/questa_fe/linux_x86_64/../modelsim.ini' is used as the ini file.
Mapping library 'altera_merlin_axi_master_ni_19117' to './libraries/altera_merlin_axi_master_ni_19117'.
** Note: (vmap-220) '/opt/questa/questa_fe/linux_x86_64/../modelsim.ini' is used as the ini file.
Mapping library 'altera_avalon_sc_fifo_1932' to './libraries/altera_avalon_sc_fifo_1932'.
** Note: (vmap-220) '/opt/questa/questa_fe/linux_x86_64/../modelsim.ini' is used as the ini file.
Mapping library 'altera_merlin_axi_slave_ni_19129' to './libraries/altera_merlin_axi_slave_ni_19129'.
** Note: (vmap-220) '/opt/questa/questa_fe/linux_x86_64/../modelsim.ini' is used as the ini file.
Mapping library 'altera_avalon_st_pipeline_stage_1930' to './libraries/altera_avalon_st_pipeline_stage_1930'.
** Note: (vmap-220) '/opt/questa/questa_fe/linux_x86_64/../modelsim.ini' is used as the ini file.
Mapping library 'altera_merlin_slave_agent_1930' to './libraries/altera_merlin_slave_agent_1930'.
** Note: (vmap-220) '/opt/questa/questa_fe/linux_x86_64/../modelsim.ini' is used as the ini file.
Mapping library 'altera_merlin_router_1921' to './libraries/altera_merlin_router_1921'.
** Note: (vmap-220) '/opt/questa/questa_fe/linux_x86_64/../modelsim.ini' is used as the ini file.
Mapping library 'altera_merlin_traffic_limiter_1922' to './libraries/altera_merlin_traffic_limiter_1922'.
** Note: (vmap-220) '/opt/questa/questa_fe/linux_x86_64/../modelsim.ini' is used as the ini file.
Mapping library 'altera_merlin_demultiplexer_1921' to './libraries/altera_merlin_demultiplexer_1921'.
** Note: (vmap-220) '/opt/questa/questa_fe/linux_x86_64/../modelsim.ini' is used as the ini file.
Mapping library 'altera_merlin_multiplexer_1922' to './libraries/altera_merlin_multiplexer_1922'.
** Note: (vmap-220) '/opt/questa/questa_fe/linux_x86_64/../modelsim.ini' is used as the ini file.
Mapping library 'altera_mm_interconnect_1920' to './libraries/altera_mm_interconnect_1920'.
** Note: (vmap-220) '/opt/questa/questa_fe/linux_x86_64/../modelsim.ini' is used as the ini file.
Mapping library 'top' to './libraries/top'.
** Note: (vmap-220) '/opt/questa/questa_fe/linux_x86_64/../modelsim.ini' is used as the ini file.
Mapping library 'altera_avalon_clock_source_191' to './libraries/altera_avalon_clock_source_191'.
** Note: (vmap-220) '/opt/questa/questa_fe/linux_x86_64/../modelsim.ini' is used as the ini file.
Mapping library 'top_inst_clk_bfm_ip' to './libraries/top_inst_clk_bfm_ip'.
** Note: (vmap-220) '/opt/questa/questa_fe/linux_x86_64/../modelsim.ini' is used as the ini file.
Mapping library 'altera_avalon_reset_source_191' to './libraries/altera_avalon_reset_source_191'.
** Note: (vmap-220) '/opt/questa/questa_fe/linux_x86_64/../modelsim.ini' is used as the ini file.
Mapping library 'top_inst_reset_bfm_ip' to './libraries/top_inst_reset_bfm_ip'.
** Note: (vmap-220) '/opt/questa/questa_fe/linux_x86_64/../modelsim.ini' is used as the ini file.
Mapping library 'top_tb' to './libraries/top_tb'.
** Note: (vmap-220) '/opt/questa/questa_fe/linux_x86_64/../modelsim.ini' is used as the ini file.
Questa Altera FPGA Edition-64 vlog 2025.2 Compiler 2025.05 May 31 2025
Start time: 22:49:08 on Apr 27,2026
vlog -sv -suppress 13338 ../../../top/ip/top_juart/altera_avalon_jtag_uart_1932/sim/altera_avalon_jtag_uart.sv -work ./libraries/altera_avalon_jtag_uart_1932 -statslog ./libraries/stats_log -csession=incr -csessiondir ./libraries/sessions 
** Note: (vlog-220) '/opt/questa/questa_fe/linux_x86_64/../modelsim.ini' is used as the ini file.
-- Compiling module altera_avalon_jtag_uart

Top level modules:
	altera_avalon_jtag_uart
End time: 22:49:08 on Apr 27,2026, Elapsed time: 0:00:00
Errors: 0, Warnings: 0
Questa Altera FPGA Edition-64 vlog 2025.2 Compiler 2025.05 May 31 2025
Start time: 22:49:08 on Apr 27,2026
vlog -sv -suppress 13338 ../../../top/ip/top_juart/sim/top_juart.v -work ./libraries/top_juart -statslog ./libraries/stats_log -csession=incr -csessiondir ./libraries/sessions 
** Note: (vlog-220) '/opt/questa/questa_fe/linux_x86_64/../modelsim.ini' is used as the ini file.
-- Compiling module top_juart

Top level modules:
	top_juart
End time: 22:49:08 on Apr 27,2026, Elapsed time: 0:00:00
Errors: 0, Warnings: 0
Questa Altera FPGA Edition-64 vlog 2025.2 Compiler 2025.05 May 31 2025
Start time: 22:49:08 on Apr 27,2026
vlog -sv -suppress 13338 ../../../top/ip/top_niosv/altera_reset_controller_1924/sim/altera_reset_controller.v -work ./libraries/altera_reset_controller_1924 -statslog ./libraries/stats_log -csession=incr -csessiondir ./libraries/sessions 
** Note: (vlog-220) '/opt/questa/questa_fe/linux_x86_64/../modelsim.ini' is used as the ini file.
-- Compiling module altera_reset_controller

Top level modules:
	altera_reset_controller
End time: 22:49:08 on Apr 27,2026, Elapsed time: 0:00:00
Errors: 0, Warnings: 0
Questa Altera FPGA Edition-64 vlog 2025.2 Compiler 2025.05 May 31 2025
Start time: 22:49:08 on Apr 27,2026
vlog -sv -suppress 13338 ../../../top/ip/top_niosv/intel_niosv_c_unit_420/sim/niosv_reset_controller.v -work ./libraries/intel_niosv_c_unit_420 -statslog ./libraries/stats_log -csession=incr -csessiondir ./libraries/sessions 
** Note: (vlog-220) '/opt/questa/questa_fe/linux_x86_64/../modelsim.ini' is used as the ini file.
-- Compiling module niosv_reset_controller

Top level modules:
	niosv_reset_controller
End time: 22:49:08 on Apr 27,2026, Elapsed time: 0:00:00
Errors: 0, Warnings: 0
Questa Altera FPGA Edition-64 vlog 2025.2 Compiler 2025.05 May 31 2025
Start time: 22:49:08 on Apr 27,2026
vlog -sv -suppress 13338 ../../../top/ip/top_niosv/intel_niosv_c_420/sim/top_niosv_intel_niosv_c_420_qiadggq.v -work ./libraries/intel_niosv_c_420 -statslog ./libraries/stats_log -csession=incr -csessiondir ./libraries/sessions 
** Note: (vlog-220) '/opt/questa/questa_fe/linux_x86_64/../modelsim.ini' is used as the ini file.
-- Compiling module top_niosv_intel_niosv_c_420_qiadggq

Top level modules:
	top_niosv_intel_niosv_c_420_qiadggq
End time: 22:49:08 on Apr 27,2026, Elapsed time: 0:00:00
Errors: 0, Warnings: 0
Questa Altera FPGA Edition-64 vlog 2025.2 Compiler 2025.05 May 31 2025
Start time: 22:49:08 on Apr 27,2026
vlog -sv -suppress 13338 ../../../top/ip/top_niosv/sim/top_niosv.v -work ./libraries/top_niosv -statslog ./libraries/stats_log -csession=incr -csessiondir ./libraries/sessions 
** Note: (vlog-220) '/opt/questa/questa_fe/linux_x86_64/../modelsim.ini' is used as the ini file.
-- Compiling module top_niosv

Top level modules:
	top_niosv
End time: 22:49:08 on Apr 27,2026, Elapsed time: 0:00:00
Errors: 0, Warnings: 0
Questa Altera FPGA Edition-64 vlog 2025.2 Compiler 2025.05 May 31 2025
Start time: 22:49:08 on Apr 27,2026
vlog -sv -suppress 13338 ../../../top/ip/top_ram/intel_onchip_memory_1411/sim/top_ram_intel_onchip_memory_1411_csm74aq.sv -work ./libraries/intel_onchip_memory_1411 -statslog ./libraries/stats_log -csession=incr -csessiondir ./libraries/sessions 
** Note: (vlog-220) '/opt/questa/questa_fe/linux_x86_64/../modelsim.ini' is used as the ini file.
-- Compiling module top_ram_intel_onchip_memory_1411_csm74aq

Top level modules:
	top_ram_intel_onchip_memory_1411_csm74aq
End time: 22:49:08 on Apr 27,2026, Elapsed time: 0:00:00
Errors: 0, Warnings: 0
Questa Altera FPGA Edition-64 vlog 2025.2 Compiler 2025.05 May 31 2025
Start time: 22:49:08 on Apr 27,2026
vlog -sv -suppress 13338 ../../ip/top_inst_reset_bfm_ip/altera_avalon_reset_source_191/sim/verbosity_pkg.sv -work ./libraries/altera_common_sv_packages -statslog ./libraries/stats_log -csession=incr -csessiondir ./libraries/sessions 
** Note: (vlog-220) '/opt/questa/questa_fe/linux_x86_64/../modelsim.ini' is used as the ini file.
-- Compiling package verbosity_pkg

Top level modules:
	--none--
End time: 22:49:08 on Apr 27,2026, Elapsed time: 0:00:00
Errors: 0, Warnings: 0
Questa Altera FPGA Edition-64 vlog 2025.2 Compiler 2025.05 May 31 2025
Start time: 22:49:08 on Apr 27,2026
vlog -sv -suppress 13338 ../top_tb.v -work ./libraries/top_tb -statslog ./libraries/stats_log -csession=incr -csessiondir ./libraries/sessions 
** Note: (vlog-220) '/opt/questa/questa_fe/linux_x86_64/../modelsim.ini' is used as the ini file.
-- Compiling module top_tb

Top level modules:
	top_tb
End time: 22:49:08 on Apr 27,2026, Elapsed time: 0:00:00
Errors: 0, Warnings: 0
Questa Altera FPGA Edition-64 vlog 2025.2 Compiler 2025.05 May 31 2025
Start time: 22:49:08 on Apr 27,2026
vlog -sv -suppress 13338 ../../ip/top_inst_reset_bfm_ip/sim/top_inst_reset_bfm_ip.v -work ./libraries/top_inst_reset_bfm_ip -statslog ./libraries/stats_log -csession=incr -csessiondir ./libraries/sessions 
** Note: (vlog-220) '/opt/questa/questa_fe/linux_x86_64/../modelsim.ini' is used as the ini file.
-- Compiling module top_inst_reset_bfm_ip

Top level modules:
	top_inst_reset_bfm_ip
End time: 22:49:08 on Apr 27,2026, Elapsed time: 0:00:00
Errors: 0, Warnings: 0
Questa Altera FPGA Edition-64 vlog 2025.2 Compiler 2025.05 May 31 2025
Start time: 22:49:08 on Apr 27,2026
vlog -sv -suppress 13338 ../../ip/top_inst_clk_bfm_ip/sim/top_inst_clk_bfm_ip.v -work ./libraries/top_inst_clk_bfm_ip -statslog ./libraries/stats_log -csession=incr -csessiondir ./libraries/sessions 
** Note: (vlog-220) '/opt/questa/questa_fe/linux_x86_64/../modelsim.ini' is used as the ini file.
-- Compiling module top_inst_clk_bfm_ip

Top level modules:
	top_inst_clk_bfm_ip
End time: 22:49:08 on Apr 27,2026, Elapsed time: 0:00:00
Errors: 0, Warnings: 0
Questa Altera FPGA Edition-64 vlog 2025.2 Compiler 2025.05 May 31 2025
Start time: 22:49:08 on Apr 27,2026
vlog -sv -suppress 13338 ../../../top/sim/top.v -work ./libraries/top -statslog ./libraries/stats_log -csession=incr -csessiondir ./libraries/sessions 
** Note: (vlog-220) '/opt/questa/questa_fe/linux_x86_64/../modelsim.ini' is used as the ini file.
-- Compiling module top

Top level modules:
	top
End time: 22:49:08 on Apr 27,2026, Elapsed time: 0:00:00
Errors: 0, Warnings: 0
Questa Altera FPGA Edition-64 vlog 2025.2 Compiler 2025.05 May 31 2025
Start time: 22:49:08 on Apr 27,2026
vlog -sv -suppress 13338 ../../../top/ip/top_ram/sim/top_ram.v -work ./libraries/top_ram -statslog ./libraries/stats_log -csession=incr -csessiondir ./libraries/sessions 
** Note: (vlog-220) '/opt/questa/questa_fe/linux_x86_64/../modelsim.ini' is used as the ini file.
-- Compiling module top_ram

Top level modules:
	top_ram
End time: 22:49:08 on Apr 27,2026, Elapsed time: 0:00:00
Errors: 0, Warnings: 0
Questa Altera FPGA Edition-64 vlog 2025.2 Compiler 2025.05 May 31 2025
Start time: 22:49:08 on Apr 27,2026
vlog -sv -suppress 13338 ../../../top/ip/top_clk/sim/top_clk.v -work ./libraries/top_clk -statslog ./libraries/stats_log -csession=incr -csessiondir ./libraries/sessions 
** Note: (vlog-220) '/opt/questa/questa_fe/linux_x86_64/../modelsim.ini' is used as the ini file.
-- Compiling module top_clk

Top level modules:
	top_clk
End time: 22:49:08 on Apr 27,2026, Elapsed time: 0:00:00
Errors: 0, Warnings: 0
Questa Altera FPGA Edition-64 vlog 2025.2 Compiler 2025.05 May 31 2025
Start time: 22:49:08 on Apr 27,2026
vlog -sv -suppress 13338 ../../../top/altera_error_response_slave_1931/sim/altera_error_response_slave.sv -work ./libraries/altera_error_response_slave_1931 -statslog ./libraries/stats_log -csession=incr -csessiondir ./libraries/sessions 
** Note: (vlog-220) '/opt/questa/questa_fe/linux_x86_64/../modelsim.ini' is used as the ini file.
-- Compiling module altera_error_response_slave

Top level modules:
	altera_error_response_slave
End time: 22:49:08 on Apr 27,2026, Elapsed time: 0:00:00
Errors: 0, Warnings: 0
Questa Altera FPGA Edition-64 vlog 2025.2 Compiler 2025.05 May 31 2025
Start time: 22:49:08 on Apr 27,2026
vlog -sv -suppress 13338 ../../../top/altera_merlin_demultiplexer_1921/sim/top_altera_merlin_demultiplexer_1921_xxnso7a.sv -work ./libraries/altera_merlin_demultiplexer_1921 -statslog ./libraries/stats_log -csession=incr -csessiondir ./libraries/sessions 
** Note: (vlog-220) '/opt/questa/questa_fe/linux_x86_64/../modelsim.ini' is used as the ini file.
-- Compiling module top_altera_merlin_demultiplexer_1921_xxnso7a

Top level modules:
	top_altera_merlin_demultiplexer_1921_xxnso7a
End time: 22:49:08 on Apr 27,2026, Elapsed time: 0:00:00
Errors: 0, Warnings: 0
Questa Altera FPGA Edition-64 vlog 2025.2 Compiler 2025.05 May 31 2025
Start time: 22:49:08 on Apr 27,2026
vlog -sv -suppress 13338 ../../../top/altera_merlin_axi_translator_1987/sim/top_altera_merlin_axi_translator_1987_jmx322a.sv -work ./libraries/altera_merlin_axi_translator_1987 -statslog ./libraries/stats_log -csession=incr -csessiondir ./libraries/sessions 
** Note: (vlog-220) '/opt/questa/questa_fe/linux_x86_64/../modelsim.ini' is used as the ini file.
-- Compiling module top_altera_merlin_axi_translator_1987_jmx322a

Top level modules:
	top_altera_merlin_axi_translator_1987_jmx322a
End time: 22:49:08 on Apr 27,2026, Elapsed time: 0:00:00
Errors: 0, Warnings: 0
Questa Altera FPGA Edition-64 vlog 2025.2 Compiler 2025.05 May 31 2025
Start time: 22:49:08 on Apr 27,2026
vlog -sv -suppress 13338 ../../../top/altera_merlin_slave_translator_191/sim/top_altera_merlin_slave_translator_191_xg7rzxi.sv -work ./libraries/altera_merlin_slave_translator_191 -statslog ./libraries/stats_log -csession=incr -csessiondir ./libraries/sessions 
** Note: (vlog-220) '/opt/questa/questa_fe/linux_x86_64/../modelsim.ini' is used as the ini file.
-- Compiling module top_altera_merlin_slave_translator_191_xg7rzxi

Top level modules:
	top_altera_merlin_slave_translator_191_xg7rzxi
End time: 22:49:08 on Apr 27,2026, Elapsed time: 0:00:00
Errors: 0, Warnings: 0
Questa Altera FPGA Edition-64 vlog 2025.2 Compiler 2025.05 May 31 2025
Start time: 22:49:08 on Apr 27,2026
vlog -sv -suppress 13338 ../../../top/altera_merlin_axi_master_ni_19117/sim/altera_merlin_address_alignment.sv -work ./libraries/altera_merlin_axi_master_ni_19117 -statslog ./libraries/stats_log -csession=incr -csessiondir ./libraries/sessions 
** Note: (vlog-220) '/opt/questa/questa_fe/linux_x86_64/../modelsim.ini' is used as the ini file.
-- Compiling module altera_merlin_address_alignment

Top level modules:
	altera_merlin_address_alignment
End time: 22:49:08 on Apr 27,2026, Elapsed time: 0:00:00
Errors: 0, Warnings: 0
Questa Altera FPGA Edition-64 vlog 2025.2 Compiler 2025.05 May 31 2025
Start time: 22:49:08 on Apr 27,2026
vlog -sv -suppress 13338 ../../../top/altera_merlin_traffic_limiter_1922/sim/top_altera_merlin_traffic_limiter_altera_avalon_sc_fifo_1922_xaundgi.v -work ./libraries/altera_merlin_traffic_limiter_1922 -statslog ./libraries/stats_log -csession=incr -csessiondir ./libraries/sessions 
** Note: (vlog-220) '/opt/questa/questa_fe/linux_x86_64/../modelsim.ini' is used as the ini file.
-- Compiling module top_altera_merlin_traffic_limiter_altera_avalon_sc_fifo_1922_xaundgi

Top level modules:
	top_altera_merlin_traffic_limiter_altera_avalon_sc_fifo_1922_xaundgi
End time: 22:49:08 on Apr 27,2026, Elapsed time: 0:00:00
Errors: 0, Warnings: 0
Questa Altera FPGA Edition-64 vlog 2025.2 Compiler 2025.05 May 31 2025
Start time: 22:49:08 on Apr 27,2026
vlog -sv -suppress 13338 ../../../top/altera_merlin_router_1921/sim/top_altera_merlin_router_1921_fjnel7a.sv -work ./libraries/altera_merlin_router_1921 -statslog ./libraries/stats_log -csession=incr -csessiondir ./libraries/sessions 
** Note: (vlog-220) '/opt/questa/questa_fe/linux_x86_64/../modelsim.ini' is used as the ini file.
-- Compiling module top_altera_merlin_router_1921_fjnel7a_default_decode
-- Compiling module top_altera_merlin_router_1921_fjnel7a

Top level modules:
	top_altera_merlin_router_1921_fjnel7a
End time: 22:49:08 on Apr 27,2026, Elapsed time: 0:00:00
Errors: 0, Warnings: 0
Questa Altera FPGA Edition-64 vlog 2025.2 Compiler 2025.05 May 31 2025
Start time: 22:49:08 on Apr 27,2026
vlog -sv -suppress 13338 ../../../top/altera_merlin_slave_agent_1930/sim/top_altera_merlin_slave_agent_1930_jxauz3i.sv -work ./libraries/altera_merlin_slave_agent_1930 -statslog ./libraries/stats_log -csession=incr -csessiondir ./libraries/sessions 
** Note: (vlog-220) '/opt/questa/questa_fe/linux_x86_64/../modelsim.ini' is used as the ini file.
-- Compiling module top_altera_merlin_slave_agent_1930_jxauz3i

Top level modules:
	top_altera_merlin_slave_agent_1930_jxauz3i
End time: 22:49:08 on Apr 27,2026, Elapsed time: 0:00:00
Errors: 0, Warnings: 0
Questa Altera FPGA Edition-64 vlog 2025.2 Compiler 2025.05 May 31 2025
Start time: 22:49:08 on Apr 27,2026
vlog -sv -suppress 13338 ../../../top/altera_avalon_sc_fifo_1932/sim/top_altera_avalon_sc_fifo_1932_22gxxgi.v -work ./libraries/altera_avalon_sc_fifo_1932 -statslog ./libraries/stats_log -csession=incr -csessiondir ./libraries/sessions 
** Note: (vlog-220) '/opt/questa/questa_fe/linux_x86_64/../modelsim.ini' is used as the ini file.
-- Compiling module top_altera_avalon_sc_fifo_1932_22gxxgi

Top level modules:
	top_altera_avalon_sc_fifo_1932_22gxxgi
End time: 22:49:08 on Apr 27,2026, Elapsed time: 0:00:00
Errors: 0, Warnings: 0
Questa Altera FPGA Edition-64 vlog 2025.2 Compiler 2025.05 May 31 2025
Start time: 22:49:08 on Apr 27,2026
vlog -sv -suppress 13338 ../../../top/altera_merlin_axi_slave_ni_19129/sim/top_altera_merlin_axi_slave_ni_altera_avalon_sc_fifo_19129_yewqcxq.v -work ./libraries/altera_merlin_axi_slave_ni_19129 -statslog ./libraries/stats_log -csession=incr -csessiondir ./libraries/sessions 
** Note: (vlog-220) '/opt/questa/questa_fe/linux_x86_64/../modelsim.ini' is used as the ini file.
-- Compiling module top_altera_merlin_axi_slave_ni_altera_avalon_sc_fifo_19129_yewqcxq

Top level modules:
	top_altera_merlin_axi_slave_ni_altera_avalon_sc_fifo_19129_yewqcxq
End time: 22:49:08 on Apr 27,2026, Elapsed time: 0:00:00
Errors: 0, Warnings: 0
Questa Altera FPGA Edition-64 vlog 2025.2 Compiler 2025.05 May 31 2025
Start time: 22:49:08 on Apr 27,2026
vlog -sv -suppress 13338 ../../../top/altera_avalon_st_pipeline_stage_1930/sim/top_altera_avalon_st_pipeline_stage_1930_oiupeiq.sv -work ./libraries/altera_avalon_st_pipeline_stage_1930 -statslog ./libraries/stats_log -csession=incr -csessiondir ./libraries/sessions 
** Note: (vlog-220) '/opt/questa/questa_fe/linux_x86_64/../modelsim.ini' is used as the ini file.
-- Compiling module top_altera_avalon_st_pipeline_stage_1930_oiupeiq

Top level modules:
	top_altera_avalon_st_pipeline_stage_1930_oiupeiq
End time: 22:49:08 on Apr 27,2026, Elapsed time: 0:00:00
Errors: 0, Warnings: 0
Questa Altera FPGA Edition-64 vlog 2025.2 Compiler 2025.05 May 31 2025
Start time: 22:49:08 on Apr 27,2026
vlog -sv -suppress 13338 ../../../top/ip/top_ram/intel_onchip_memory_1411/sim/top_ram_intel_onchip_memory_1411_csm74aq_axi_bursting_adapter.sv -work ./libraries/intel_onchip_memory_1411 -statslog ./libraries/stats_log -csession=incr -csessiondir ./libraries/sessions 
** Note: (vlog-220) '/opt/questa/questa_fe/linux_x86_64/../modelsim.ini' is used as the ini file.
-- Compiling module top_ram_intel_onchip_memory_1411_csm74aq_axi_bursting_adapter

Top level modules:
	top_ram_intel_onchip_memory_1411_csm74aq_axi_bursting_adapter
End time: 22:49:08 on Apr 27,2026, Elapsed time: 0:00:00
Errors: 0, Warnings: 0
Questa Altera FPGA Edition-64 vlog 2025.2 Compiler 2025.05 May 31 2025
Start time: 22:49:08 on Apr 27,2026
vlog -sv -suppress 13338 ../../../top/altera_avalon_st_pipeline_stage_1930/sim/altera_avalon_st_pipeline_base.v -work ./libraries/altera_avalon_st_pipeline_stage_1930 -statslog ./libraries/stats_log -csession=incr -csessiondir ./libraries/sessions 
** Note: (vlog-220) '/opt/questa/questa_fe/linux_x86_64/../modelsim.ini' is used as the ini file.
-- Compiling module altera_avalon_st_pipeline_base

Top level modules:
	altera_avalon_st_pipeline_base
End time: 22:49:08 on Apr 27,2026, Elapsed time: 0:00:00
Errors: 0, Warnings: 0
Questa Altera FPGA Edition-64 vlog 2025.2 Compiler 2025.05 May 31 2025
Start time: 22:49:08 on Apr 27,2026
vlog -sv -suppress 13338 ../../../top/altera_merlin_axi_slave_ni_19129/sim/top_altera_merlin_axi_slave_ni_altera_avalon_st_pipeline_stage_19129_4lvwuxa.v -work ./libraries/altera_merlin_axi_slave_ni_19129 -statslog ./libraries/stats_log -csession=incr -csessiondir ./libraries/sessions 
** Note: (vlog-220) '/opt/questa/questa_fe/linux_x86_64/../modelsim.ini' is used as the ini file.
-- Compiling module top_altera_merlin_axi_slave_ni_altera_avalon_st_pipeline_stage_19129_4lvwuxa

Top level modules:
	top_altera_merlin_axi_slave_ni_altera_avalon_st_pipeline_stage_19129_4lvwuxa
End time: 22:49:08 on Apr 27,2026, Elapsed time: 0:00:00
Errors: 0, Warnings: 0
Questa Altera FPGA Edition-64 vlog 2025.2 Compiler 2025.05 May 31 2025
Start time: 22:49:08 on Apr 27,2026
vlog -sv -suppress 13338 ../../../top/altera_merlin_slave_agent_1930/sim/altera_merlin_burst_uncompressor.sv -work ./libraries/altera_merlin_slave_agent_1930 -statslog ./libraries/stats_log -csession=incr -csessiondir ./libraries/sessions 
** Note: (vlog-220) '/opt/questa/questa_fe/linux_x86_64/../modelsim.ini' is used as the ini file.
-- Compiling module altera_merlin_burst_uncompressor

Top level modules:
	altera_merlin_burst_uncompressor
End time: 22:49:08 on Apr 27,2026, Elapsed time: 0:00:00
Errors: 0, Warnings: 0
Questa Altera FPGA Edition-64 vlog 2025.2 Compiler 2025.05 May 31 2025
Start time: 22:49:08 on Apr 27,2026
vlog -sv -suppress 13338 -L altera_common_sv_packages ../../ip/top_inst_reset_bfm_ip/altera_avalon_reset_source_191/sim/altera_avalon_reset_source.sv -work ./libraries/altera_avalon_reset_source_191 -statslog ./libraries/stats_log -csession=incr -csessiondir ./libraries/sessions 
** Note: (vlog-220) '/opt/questa/questa_fe/linux_x86_64/../modelsim.ini' is used as the ini file.
-- Compiling module altera_avalon_reset_source
-- Importing package altera_common_sv_packages.verbosity_pkg

Top level modules:
	altera_avalon_reset_source
End time: 22:49:08 on Apr 27,2026, Elapsed time: 0:00:00
Errors: 0, Warnings: 0
Questa Altera FPGA Edition-64 vlog 2025.2 Compiler 2025.05 May 31 2025
Start time: 22:49:08 on Apr 27,2026
vlog -sv -suppress 13338 ../../../top/altera_merlin_router_1921/sim/top_altera_merlin_router_1921_a6qmvly.sv -work ./libraries/altera_merlin_router_1921 -statslog ./libraries/stats_log -csession=incr -csessiondir ./libraries/sessions 
** Note: (vlog-220) '/opt/questa/questa_fe/linux_x86_64/../modelsim.ini' is used as the ini file.
-- Compiling module top_altera_merlin_router_1921_a6qmvly_default_decode
-- Compiling module top_altera_merlin_router_1921_a6qmvly

Top level modules:
	top_altera_merlin_router_1921_a6qmvly
End time: 22:49:08 on Apr 27,2026, Elapsed time: 0:00:00
Errors: 0, Warnings: 0
Questa Altera FPGA Edition-64 vlog 2025.2 Compiler 2025.05 May 31 2025
Start time: 22:49:08 on Apr 27,2026
vlog -sv -suppress 13338 ../../../top/altera_merlin_axi_translator_1987/sim/top_altera_merlin_axi_translator_1987_lty7xoq.sv -work ./libraries/altera_merlin_axi_translator_1987 -statslog ./libraries/stats_log -csession=incr -csessiondir ./libraries/sessions 
** Note: (vlog-220) '/opt/questa/questa_fe/linux_x86_64/../modelsim.ini' is used as the ini file.
-- Compiling module top_altera_merlin_axi_translator_1987_lty7xoq

Top level modules:
	top_altera_merlin_axi_translator_1987_lty7xoq
End time: 22:49:08 on Apr 27,2026, Elapsed time: 0:00:00
Errors: 0, Warnings: 0
Questa Altera FPGA Edition-64 vlog 2025.2 Compiler 2025.05 May 31 2025
Start time: 22:49:08 on Apr 27,2026
vlog -sv -suppress 13338 ../../../top/ip/top_juart/altera_avalon_jtag_uart_1932/sim/altera_avalon_jtag_uart_log_module.sv -work ./libraries/altera_avalon_jtag_uart_1932 -statslog ./libraries/stats_log -csession=incr -csessiondir ./libraries/sessions 
** Note: (vlog-220) '/opt/questa/questa_fe/linux_x86_64/../modelsim.ini' is used as the ini file.
-- Compiling module altera_avalon_jtag_uart_log_module

Top level modules:
	altera_avalon_jtag_uart_log_module
End time: 22:49:08 on Apr 27,2026, Elapsed time: 0:00:00
Errors: 0, Warnings: 0
Questa Altera FPGA Edition-64 vlog 2025.2 Compiler 2025.05 May 31 2025
Start time: 22:49:08 on Apr 27,2026
vlog -sv -suppress 13338 ../../../top/altera_merlin_demultiplexer_1921/sim/top_altera_merlin_demultiplexer_1921_rt4d23a.sv -work ./libraries/altera_merlin_demultiplexer_1921 -statslog ./libraries/stats_log -csession=incr -csessiondir ./libraries/sessions 
** Note: (vlog-220) '/opt/questa/questa_fe/linux_x86_64/../modelsim.ini' is used as the ini file.
-- Compiling module top_altera_merlin_demultiplexer_1921_rt4d23a

Top level modules:
	top_altera_merlin_demultiplexer_1921_rt4d23a
End time: 22:49:08 on Apr 27,2026, Elapsed time: 0:00:00
Errors: 0, Warnings: 0
Questa Altera FPGA Edition-64 vlog 2025.2 Compiler 2025.05 May 31 2025
Start time: 22:49:08 on Apr 27,2026
vlog -sv -suppress 13338 -L altera_common_sv_packages ../../ip/top_inst_clk_bfm_ip/altera_avalon_clock_source_191/sim/altera_avalon_clock_source.sv -work ./libraries/altera_avalon_clock_source_191 -statslog ./libraries/stats_log -csession=incr -csessiondir ./libraries/sessions 
** Note: (vlog-220) '/opt/questa/questa_fe/linux_x86_64/../modelsim.ini' is used as the ini file.
-- Compiling module altera_avalon_clock_source
-- Importing package altera_common_sv_packages.verbosity_pkg

Top level modules:
	altera_avalon_clock_source
End time: 22:49:08 on Apr 27,2026, Elapsed time: 0:00:00
Errors: 0, Warnings: 0
Questa Altera FPGA Edition-64 vlog 2025.2 Compiler 2025.05 May 31 2025
Start time: 22:49:08 on Apr 27,2026
vlog -sv -suppress 13338 ../../../top/altera_merlin_traffic_limiter_1922/sim/altera_merlin_reorder_memory.sv -work ./libraries/altera_merlin_traffic_limiter_1922 -statslog ./libraries/stats_log -csession=incr -csessiondir ./libraries/sessions 
** Note: (vlog-220) '/opt/questa/questa_fe/linux_x86_64/../modelsim.ini' is used as the ini file.
-- Compiling module altera_merlin_reorder_memory
-- Compiling module memory_pointer_controller

Top level modules:
	altera_merlin_reorder_memory
End time: 22:49:08 on Apr 27,2026, Elapsed time: 0:00:00
Errors: 0, Warnings: 0
Questa Altera FPGA Edition-64 vlog 2025.2 Compiler 2025.05 May 31 2025
Start time: 22:49:08 on Apr 27,2026
vlog -sv -suppress 13338 ../../../top/altera_merlin_axi_master_ni_19117/sim/top_altera_merlin_axi_master_ni_19117_a33l7ua.sv -work ./libraries/altera_merlin_axi_master_ni_19117 -statslog ./libraries/stats_log -csession=incr -csessiondir ./libraries/sessions 
** Note: (vlog-220) '/opt/questa/questa_fe/linux_x86_64/../modelsim.ini' is used as the ini file.
-- Compiling module top_altera_merlin_axi_master_ni_19117_a33l7ua

Top level modules:
	top_altera_merlin_axi_master_ni_19117_a33l7ua
End time: 22:49:08 on Apr 27,2026, Elapsed time: 0:00:00
Errors: 0, Warnings: 0
Questa Altera FPGA Edition-64 vlog 2025.2 Compiler 2025.05 May 31 2025
Start time: 22:49:08 on Apr 27,2026
vlog -sv -suppress 13338 ../../../top/ip/top_niosv/altera_reset_controller_1924/sim/altera_reset_synchronizer.v -work ./libraries/altera_reset_controller_1924 -statslog ./libraries/stats_log -csession=incr -csessiondir ./libraries/sessions 
** Note: (vlog-220) '/opt/questa/questa_fe/linux_x86_64/../modelsim.ini' is used as the ini file.
-- Compiling module altera_reset_synchronizer

Top level modules:
	altera_reset_synchronizer
End time: 22:49:08 on Apr 27,2026, Elapsed time: 0:00:00
Errors: 0, Warnings: 0
Questa Altera FPGA Edition-64 vlog 2025.2 Compiler 2025.05 May 31 2025
Start time: 22:49:08 on Apr 27,2026
vlog -sv -suppress 13338 ../../../top/altera_error_response_slave_1931/sim/altera_error_response_slave_resp_logic.sv -work ./libraries/altera_error_response_slave_1931 -statslog ./libraries/stats_log -csession=incr -csessiondir ./libraries/sessions 
** Note: (vlog-220) '/opt/questa/questa_fe/linux_x86_64/../modelsim.ini' is used as the ini file.
-- Compiling module altera_error_response_slave_resp_logic

Top level modules:
	altera_error_response_slave_resp_logic
End time: 22:49:08 on Apr 27,2026, Elapsed time: 0:00:00
Errors: 0, Warnings: 0
Questa Altera FPGA Edition-64 vlog 2025.2 Compiler 2025.05 May 31 2025
Start time: 22:49:08 on Apr 27,2026
vlog -sv -suppress 13338 ../../../top/ip/top_niosv/intel_niosv_c_unit_420/sim/intelfpga/ecc_enc.sv -work ./libraries/intel_niosv_c_unit_420 -statslog ./libraries/stats_log -csession=incr -csessiondir ./libraries/sessions 
** Note: (vlog-220) '/opt/questa/questa_fe/linux_x86_64/../modelsim.ini' is used as the ini file.

Top level modules:
End time: 22:49:08 on Apr 27,2026, Elapsed time: 0:00:00
Errors: 0, Warnings: 0
Questa Altera FPGA Edition-64 vlog 2025.2 Compiler 2025.05 May 31 2025
Start time: 22:49:08 on Apr 27,2026
vlog -sv -suppress 13338 ../../../top/altera_mm_interconnect_1920/sim/top_altera_mm_interconnect_1920_5mru7mi.v -work ./libraries/altera_mm_interconnect_1920 -statslog ./libraries/stats_log -csession=incr -csessiondir ./libraries/sessions 
** Note: (vlog-220) '/opt/questa/questa_fe/linux_x86_64/../modelsim.ini' is used as the ini file.
-- Compiling module top_altera_mm_interconnect_1920_5mru7mi

Top level modules:
	top_altera_mm_interconnect_1920_5mru7mi
End time: 22:49:08 on Apr 27,2026, Elapsed time: 0:00:00
Errors: 0, Warnings: 0
Questa Altera FPGA Edition-64 vlog 2025.2 Compiler 2025.05 May 31 2025
Start time: 22:49:08 on Apr 27,2026
vlog -sv -suppress 13338 ../../../top/altera_merlin_multiplexer_1922/sim/top_altera_merlin_multiplexer_1922_bpsweny.sv -work ./libraries/altera_merlin_multiplexer_1922 -statslog ./libraries/stats_log -csession=incr -csessiondir ./libraries/sessions 
** Note: (vlog-220) '/opt/questa/questa_fe/linux_x86_64/../modelsim.ini' is used as the ini file.
-- Compiling module top_altera_merlin_multiplexer_1922_bpsweny

Top level modules:
	top_altera_merlin_multiplexer_1922_bpsweny
End time: 22:49:08 on Apr 27,2026, Elapsed time: 0:00:00
Errors: 0, Warnings: 0
Questa Altera FPGA Edition-64 vlog 2025.2 Compiler 2025.05 May 31 2025
Start time: 22:49:08 on Apr 27,2026
vlog -sv -suppress 13338 ../../../top/altera_merlin_axi_slave_ni_19129/sim/top_altera_merlin_axi_slave_ni_altera_avalon_st_pipeline_stage_19129_fos7nlq.v -work ./libraries/altera_merlin_axi_slave_ni_19129 -statslog ./libraries/stats_log -csession=incr -csessiondir ./libraries/sessions 
** Note: (vlog-220) '/opt/questa/questa_fe/linux_x86_64/../modelsim.ini' is used as the ini file.
-- Compiling module top_altera_merlin_axi_slave_ni_altera_avalon_st_pipeline_stage_19129_fos7nlq

Top level modules:
	top_altera_merlin_axi_slave_ni_altera_avalon_st_pipeline_stage_19129_fos7nlq
End time: 22:49:08 on Apr 27,2026, Elapsed time: 0:00:00
Errors: 0, Warnings: 0
Questa Altera FPGA Edition-64 vlog 2025.2 Compiler 2025.05 May 31 2025
Start time: 22:49:08 on Apr 27,2026
vlog -sv -suppress 13338 ../../../top/altera_merlin_multiplexer_1922/sim/altera_merlin_arbitrator.sv -work ./libraries/altera_merlin_multiplexer_1922 -statslog ./libraries/stats_log -csession=incr -csessiondir ./libraries/sessions 
** Note: (vlog-220) '/opt/questa/questa_fe/linux_x86_64/../modelsim.ini' is used as the ini file.
-- Compiling module altera_merlin_arbitrator
-- Compiling module altera_merlin_arb_adder

Top level modules:
	altera_merlin_arbitrator
End time: 22:49:08 on Apr 27,2026, Elapsed time: 0:00:00
Errors: 0, Warnings: 0
Questa Altera FPGA Edition-64 vlog 2025.2 Compiler 2025.05 May 31 2025
Start time: 22:49:08 on Apr 27,2026
vlog -sv -suppress 13338 ../../../top/altera_merlin_router_1921/sim/top_altera_merlin_router_1921_tjhbhma.sv -work ./libraries/altera_merlin_router_1921 -statslog ./libraries/stats_log -csession=incr -csessiondir ./libraries/sessions 
** Note: (vlog-220) '/opt/questa/questa_fe/linux_x86_64/../modelsim.ini' is used as the ini file.
-- Compiling module top_altera_merlin_router_1921_tjhbhma_default_decode
-- Compiling module top_altera_merlin_router_1921_tjhbhma

Top level modules:
	top_altera_merlin_router_1921_tjhbhma
End time: 22:49:08 on Apr 27,2026, Elapsed time: 0:00:00
Errors: 0, Warnings: 0
Questa Altera FPGA Edition-64 vlog 2025.2 Compiler 2025.05 May 31 2025
Start time: 22:49:08 on Apr 27,2026
vlog -sv -suppress 13338 ../../../top/ip/top_juart/altera_avalon_jtag_uart_1932/sim/altera_avalon_jtag_uart_scfifo_r.sv -work ./libraries/altera_avalon_jtag_uart_1932 -statslog ./libraries/stats_log -csession=incr -csessiondir ./libraries/sessions 
** Note: (vlog-220) '/opt/questa/questa_fe/linux_x86_64/../modelsim.ini' is used as the ini file.
-- Compiling module altera_avalon_jtag_uart_scfifo_r

Top level modules:
	altera_avalon_jtag_uart_scfifo_r
End time: 22:49:08 on Apr 27,2026, Elapsed time: 0:00:00
Errors: 0, Warnings: 0
Questa Altera FPGA Edition-64 vlog 2025.2 Compiler 2025.05 May 31 2025
Start time: 22:49:08 on Apr 27,2026
vlog -sv -suppress 13338 ../../../top/altera_merlin_traffic_limiter_1922/sim/altera_avalon_st_pipeline_base.v -work ./libraries/altera_merlin_traffic_limiter_1922 -statslog ./libraries/stats_log -csession=incr -csessiondir ./libraries/sessions 
** Note: (vlog-220) '/opt/questa/questa_fe/linux_x86_64/../modelsim.ini' is used as the ini file.
-- Compiling module altera_avalon_st_pipeline_base

Top level modules:
	altera_avalon_st_pipeline_base
End time: 22:49:08 on Apr 27,2026, Elapsed time: 0:00:00
Errors: 0, Warnings: 0
Questa Altera FPGA Edition-64 vlog 2025.2 Compiler 2025.05 May 31 2025
Start time: 22:49:08 on Apr 27,2026
vlog -sv -suppress 13338 ../../../top/altera_reset_controller_1924/sim/altera_reset_controller.v -work ./libraries/altera_reset_controller_1924 -statslog ./libraries/stats_log -csession=incr -csessiondir ./libraries/sessions 
** Note: (vlog-220) '/opt/questa/questa_fe/linux_x86_64/../modelsim.ini' is used as the ini file.
-- Compiling module altera_reset_controller

Top level modules:
	altera_reset_controller
End time: 22:49:08 on Apr 27,2026, Elapsed time: 0:00:00
Errors: 0, Warnings: 0
Questa Altera FPGA Edition-64 vlog 2025.2 Compiler 2025.05 May 31 2025
Start time: 22:49:08 on Apr 27,2026
vlog -sv -suppress 13338 ../../../top/altera_error_response_slave_1931/sim/altera_error_response_slave_reg_fifo.sv -work ./libraries/altera_error_response_slave_1931 -statslog ./libraries/stats_log -csession=incr -csessiondir ./libraries/sessions 
** Note: (vlog-220) '/opt/questa/questa_fe/linux_x86_64/../modelsim.ini' is used as the ini file.
-- Compiling module altera_error_response_slave_reg_fifo

Top level modules:
	altera_error_response_slave_reg_fifo
End time: 22:49:08 on Apr 27,2026, Elapsed time: 0:00:00
Errors: 0, Warnings: 0
Questa Altera FPGA Edition-64 vlog 2025.2 Compiler 2025.05 May 31 2025
Start time: 22:49:08 on Apr 27,2026
vlog -sv -suppress 13338 ../../../top/ip/top_niosv/intel_niosv_c_unit_420/sim/intelfpga/ecc_dec.sv -work ./libraries/intel_niosv_c_unit_420 -statslog ./libraries/stats_log -csession=incr -csessiondir ./libraries/sessions 
** Note: (vlog-220) '/opt/questa/questa_fe/linux_x86_64/../modelsim.ini' is used as the ini file.

Top level modules:
End time: 22:49:08 on Apr 27,2026, Elapsed time: 0:00:00
Errors: 0, Warnings: 0
Questa Altera FPGA Edition-64 vlog 2025.2 Compiler 2025.05 May 31 2025
Start time: 22:49:08 on Apr 27,2026
vlog -sv -suppress 13338 ../../../top/altera_merlin_axi_slave_ni_19129/sim/top_altera_merlin_axi_slave_ni_altera_avalon_st_pipeline_stage_19129_3s63o5y.v -work ./libraries/altera_merlin_axi_slave_ni_19129 -statslog ./libraries/stats_log -csession=incr -csessiondir ./libraries/sessions 
** Note: (vlog-220) '/opt/questa/questa_fe/linux_x86_64/../modelsim.ini' is used as the ini file.
-- Compiling module top_altera_merlin_axi_slave_ni_altera_avalon_st_pipeline_stage_19129_3s63o5y

Top level modules:
	top_altera_merlin_axi_slave_ni_altera_avalon_st_pipeline_stage_19129_3s63o5y
End time: 22:49:08 on Apr 27,2026, Elapsed time: 0:00:00
Errors: 0, Warnings: 0
Questa Altera FPGA Edition-64 vlog 2025.2 Compiler 2025.05 May 31 2025
Start time: 22:49:08 on Apr 27,2026
vlog -sv -suppress 13338 ../../../top/ip/top_niosv/intel_niosv_c_unit_420/sim/intelfpga/altecc_enc.sv -work ./libraries/intel_niosv_c_unit_420 -statslog ./libraries/stats_log -csession=incr -csessiondir ./libraries/sessions 
** Note: (vlog-220) '/opt/questa/questa_fe/linux_x86_64/../modelsim.ini' is used as the ini file.

Top level modules:
End time: 22:49:08 on Apr 27,2026, Elapsed time: 0:00:00
Errors: 0, Warnings: 0
Questa Altera FPGA Edition-64 vlog 2025.2 Compiler 2025.05 May 31 2025
Start time: 22:49:08 on Apr 27,2026
vlog -sv -suppress 13338 ../../../top/altera_merlin_multiplexer_1922/sim/top_altera_merlin_multiplexer_1922_ytmrg4i.sv -work ./libraries/altera_merlin_multiplexer_1922 -statslog ./libraries/stats_log -csession=incr -csessiondir ./libraries/sessions 
** Note: (vlog-220) '/opt/questa/questa_fe/linux_x86_64/../modelsim.ini' is used as the ini file.
-- Compiling module top_altera_merlin_multiplexer_1922_ytmrg4i

Top level modules:
	top_altera_merlin_multiplexer_1922_ytmrg4i
End time: 22:49:08 on Apr 27,2026, Elapsed time: 0:00:00
Errors: 0, Warnings: 0
-- Skipping 'vlog -sv -suppress 13338 ../../../top/altera_merlin_multiple...'
Questa Altera FPGA Edition-64 vlog 2025.2 Compiler 2025.05 May 31 2025
Start time: 22:49:08 on Apr 27,2026
vlog -sv -suppress 13338 ../../../top/altera_merlin_router_1921/sim/top_altera_merlin_router_1921_rbj5pvy.sv -work ./libraries/altera_merlin_router_1921 -statslog ./libraries/stats_log -csession=incr -csessiondir ./libraries/sessions 
** Note: (vlog-220) '/opt/questa/questa_fe/linux_x86_64/../modelsim.ini' is used as the ini file.
-- Compiling module top_altera_merlin_router_1921_rbj5pvy_default_decode
-- Compiling module top_altera_merlin_router_1921_rbj5pvy

Top level modules:
	top_altera_merlin_router_1921_rbj5pvy
End time: 22:49:08 on Apr 27,2026, Elapsed time: 0:00:00
Errors: 0, Warnings: 0
Questa Altera FPGA Edition-64 vlog 2025.2 Compiler 2025.05 May 31 2025
Start time: 22:49:08 on Apr 27,2026
vlog -sv -suppress 13338 ../../../top/ip/top_juart/altera_avalon_jtag_uart_1932/sim/altera_avalon_jtag_uart_scfifo_w.sv -work ./libraries/altera_avalon_jtag_uart_1932 -statslog ./libraries/stats_log -csession=incr -csessiondir ./libraries/sessions 
** Note: (vlog-220) '/opt/questa/questa_fe/linux_x86_64/../modelsim.ini' is used as the ini file.
-- Compiling module altera_avalon_jtag_uart_scfifo_w

Top level modules:
	altera_avalon_jtag_uart_scfifo_w
End time: 22:49:08 on Apr 27,2026, Elapsed time: 0:00:00
Errors: 0, Warnings: 0
Questa Altera FPGA Edition-64 vlog 2025.2 Compiler 2025.05 May 31 2025
Start time: 22:49:08 on Apr 27,2026
vlog -sv -suppress 13338 ../../../top/altera_merlin_traffic_limiter_1922/sim/top_altera_merlin_traffic_limiter_1922_q6hy3xi.sv -work ./libraries/altera_merlin_traffic_limiter_1922 -statslog ./libraries/stats_log -csession=incr -csessiondir ./libraries/sessions 
** Note: (vlog-220) '/opt/questa/questa_fe/linux_x86_64/../modelsim.ini' is used as the ini file.
-- Compiling module top_altera_merlin_traffic_limiter_1922_q6hy3xi
** Warning: ../../../top/altera_merlin_traffic_limiter_1922/sim/top_altera_merlin_traffic_limiter_1922_q6hy3xi.sv(414): (vlog-13528) Extra Parentheses after time system function.
** Warning: ../../../top/altera_merlin_traffic_limiter_1922/sim/top_altera_merlin_traffic_limiter_1922_q6hy3xi.sv(436): (vlog-13528) Extra Parentheses after time system function.

Top level modules:
	top_altera_merlin_traffic_limiter_1922_q6hy3xi
End time: 22:49:08 on Apr 27,2026, Elapsed time: 0:00:00
Errors: 0, Warnings: 2
Questa Altera FPGA Edition-64 vlog 2025.2 Compiler 2025.05 May 31 2025
Start time: 22:49:08 on Apr 27,2026
vlog -sv -suppress 13338 ../../../top/altera_reset_controller_1924/sim/altera_reset_synchronizer.v -work ./libraries/altera_reset_controller_1924 -statslog ./libraries/stats_log -csession=incr -csessiondir ./libraries/sessions 
** Note: (vlog-220) '/opt/questa/questa_fe/linux_x86_64/../modelsim.ini' is used as the ini file.
-- Compiling module altera_reset_synchronizer

Top level modules:
	altera_reset_synchronizer
End time: 22:49:08 on Apr 27,2026, Elapsed time: 0:00:00
Errors: 0, Warnings: 0
Questa Altera FPGA Edition-64 vlog 2025.2 Compiler 2025.05 May 31 2025
Start time: 22:49:08 on Apr 27,2026
vlog -sv -suppress 13338 ../../../top/altera_merlin_axi_slave_ni_19129/sim/altera_merlin_burst_uncompressor.sv -work ./libraries/altera_merlin_axi_slave_ni_19129 -statslog ./libraries/stats_log -csession=incr -csessiondir ./libraries/sessions 
** Note: (vlog-220) '/opt/questa/questa_fe/linux_x86_64/../modelsim.ini' is used as the ini file.
-- Compiling module altera_merlin_burst_uncompressor

Top level modules:
	altera_merlin_burst_uncompressor
End time: 22:49:08 on Apr 27,2026, Elapsed time: 0:00:00
Errors: 0, Warnings: 0
Questa Altera FPGA Edition-64 vlog 2025.2 Compiler 2025.05 May 31 2025
Start time: 22:49:08 on Apr 27,2026
vlog -sv -suppress 13338 ../../../top/ip/top_juart/altera_avalon_jtag_uart_1932/sim/altera_avalon_jtag_uart_sim_scfifo_r.sv -work ./libraries/altera_avalon_jtag_uart_1932 -statslog ./libraries/stats_log -csession=incr -csessiondir ./libraries/sessions 
** Note: (vlog-220) '/opt/questa/questa_fe/linux_x86_64/../modelsim.ini' is used as the ini file.
-- Compiling module altera_avalon_jtag_uart_sim_scfifo_r

Top level modules:
	altera_avalon_jtag_uart_sim_scfifo_r
End time: 22:49:08 on Apr 27,2026, Elapsed time: 0:00:00
Errors: 0, Warnings: 0
Questa Altera FPGA Edition-64 vlog 2025.2 Compiler 2025.05 May 31 2025
Start time: 22:49:08 on Apr 27,2026
vlog -sv -suppress 13338 ../../../top/ip/top_niosv/intel_niosv_c_unit_420/sim/intelfpga/altecc_dec.sv -work ./libraries/intel_niosv_c_unit_420 -statslog ./libraries/stats_log -csession=incr -csessiondir ./libraries/sessions 
** Note: (vlog-220) '/opt/questa/questa_fe/linux_x86_64/../modelsim.ini' is used as the ini file.

Top level modules:
End time: 22:49:08 on Apr 27,2026, Elapsed time: 0:00:00
Errors: 0, Warnings: 0
Questa Altera FPGA Edition-64 vlog 2025.2 Compiler 2025.05 May 31 2025
Start time: 22:49:08 on Apr 27,2026
vlog -sv -suppress 13338 ../../../top/altera_merlin_multiplexer_1922/sim/top_altera_merlin_multiplexer_1922_lks5wbq.sv -work ./libraries/altera_merlin_multiplexer_1922 -statslog ./libraries/stats_log -csession=incr -csessiondir ./libraries/sessions 
** Note: (vlog-220) '/opt/questa/questa_fe/linux_x86_64/../modelsim.ini' is used as the ini file.
-- Compiling module top_altera_merlin_multiplexer_1922_lks5wbq

Top level modules:
	top_altera_merlin_multiplexer_1922_lks5wbq
End time: 22:49:08 on Apr 27,2026, Elapsed time: 0:00:00
Errors: 0, Warnings: 0
-- Skipping 'vlog -sv -suppress 13338 ../../../top/altera_merlin_multiple...'
Questa Altera FPGA Edition-64 vlog 2025.2 Compiler 2025.05 May 31 2025
Start time: 22:49:08 on Apr 27,2026
vlog -sv -suppress 13338 ../../../top/altera_merlin_router_1921/sim/top_altera_merlin_router_1921_bnm23oy.sv -work ./libraries/altera_merlin_router_1921 -statslog ./libraries/stats_log -csession=incr -csessiondir ./libraries/sessions 
** Note: (vlog-220) '/opt/questa/questa_fe/linux_x86_64/../modelsim.ini' is used as the ini file.
-- Compiling module top_altera_merlin_router_1921_bnm23oy_default_decode
-- Compiling module top_altera_merlin_router_1921_bnm23oy

Top level modules:
	top_altera_merlin_router_1921_bnm23oy
End time: 22:49:08 on Apr 27,2026, Elapsed time: 0:00:00
Errors: 0, Warnings: 0
Questa Altera FPGA Edition-64 vlog 2025.2 Compiler 2025.05 May 31 2025
Start time: 22:49:08 on Apr 27,2026
vlog -sv -suppress 13338 ../../../top/altera_merlin_axi_slave_ni_19129/sim/altera_merlin_address_alignment.sv -work ./libraries/altera_merlin_axi_slave_ni_19129 -statslog ./libraries/stats_log -csession=incr -csessiondir ./libraries/sessions 
** Note: (vlog-220) '/opt/questa/questa_fe/linux_x86_64/../modelsim.ini' is used as the ini file.
-- Compiling module altera_merlin_address_alignment

Top level modules:
	altera_merlin_address_alignment
End time: 22:49:08 on Apr 27,2026, Elapsed time: 0:00:00
Errors: 0, Warnings: 0
Questa Altera FPGA Edition-64 vlog 2025.2 Compiler 2025.05 May 31 2025
Start time: 22:49:08 on Apr 27,2026
vlog -sv -suppress 13338 ../../../top/altera_merlin_router_1921/sim/top_altera_merlin_router_1921_wodlwya.sv -work ./libraries/altera_merlin_router_1921 -statslog ./libraries/stats_log -csession=incr -csessiondir ./libraries/sessions 
** Note: (vlog-220) '/opt/questa/questa_fe/linux_x86_64/../modelsim.ini' is used as the ini file.
-- Compiling module top_altera_merlin_router_1921_wodlwya_default_decode
-- Compiling module top_altera_merlin_router_1921_wodlwya

Top level modules:
	top_altera_merlin_router_1921_wodlwya
End time: 22:49:08 on Apr 27,2026, Elapsed time: 0:00:00
Errors: 0, Warnings: 0
Questa Altera FPGA Edition-64 vlog 2025.2 Compiler 2025.05 May 31 2025
Start time: 22:49:08 on Apr 27,2026
vlog -sv -suppress 13338 ../../../top/ip/top_juart/altera_avalon_jtag_uart_1932/sim/altera_avalon_jtag_uart_sim_scfifo_w.sv -work ./libraries/altera_avalon_jtag_uart_1932 -statslog ./libraries/stats_log -csession=incr -csessiondir ./libraries/sessions 
** Note: (vlog-220) '/opt/questa/questa_fe/linux_x86_64/../modelsim.ini' is used as the ini file.
-- Compiling module altera_avalon_jtag_uart_sim_scfifo_w

Top level modules:
	altera_avalon_jtag_uart_sim_scfifo_w
End time: 22:49:08 on Apr 27,2026, Elapsed time: 0:00:00
Errors: 0, Warnings: 0
Questa Altera FPGA Edition-64 vlog 2025.2 Compiler 2025.05 May 31 2025
Start time: 22:49:08 on Apr 27,2026
vlog -sv -suppress 13338 ../../../top/ip/top_niosv/intel_niosv_c_unit_420/sim/intelfpga/riscv.pkg.sv -work ./libraries/intel_niosv_c_unit_420 -statslog ./libraries/stats_log -csession=incr -csessiondir ./libraries/sessions 
** Note: (vlog-220) '/opt/questa/questa_fe/linux_x86_64/../modelsim.ini' is used as the ini file.

Top level modules:
	--none--
End time: 22:49:08 on Apr 27,2026, Elapsed time: 0:00:00
Errors: 0, Warnings: 0
Questa Altera FPGA Edition-64 vlog 2025.2 Compiler 2025.05 May 31 2025
Start time: 22:49:08 on Apr 27,2026
vlog -sv -suppress 13338 ../../../top/altera_merlin_axi_slave_ni_19129/sim/compare_eq.sv -work ./libraries/altera_merlin_axi_slave_ni_19129 -statslog ./libraries/stats_log -csession=incr -csessiondir ./libraries/sessions 
** Note: (vlog-220) '/opt/questa/questa_fe/linux_x86_64/../modelsim.ini' is used as the ini file.
-- Compiling module compare_eq

Top level modules:
	compare_eq
End time: 22:49:08 on Apr 27,2026, Elapsed time: 0:00:00
Errors: 0, Warnings: 0
Questa Altera FPGA Edition-64 vlog 2025.2 Compiler 2025.05 May 31 2025
Start time: 22:49:08 on Apr 27,2026
vlog -sv -suppress 13338 ../../../top/ip/top_niosv/intel_niosv_c_unit_420/sim/intelfpga/niosv.pkg.sv -work ./libraries/intel_niosv_c_unit_420 -statslog ./libraries/stats_log -csession=incr -csessiondir ./libraries/sessions 
** Note: (vlog-220) '/opt/questa/questa_fe/linux_x86_64/../modelsim.ini' is used as the ini file.

Top level modules:
	--none--
End time: 22:49:08 on Apr 27,2026, Elapsed time: 0:00:00
Errors: 0, Warnings: 0
Questa Altera FPGA Edition-64 vlog 2025.2 Compiler 2025.05 May 31 2025
Start time: 22:49:08 on Apr 27,2026
vlog -sv -suppress 13338 ../../../top/altera_merlin_router_1921/sim/top_altera_merlin_router_1921_sps2lfa.sv -work ./libraries/altera_merlin_router_1921 -statslog ./libraries/stats_log -csession=incr -csessiondir ./libraries/sessions 
** Note: (vlog-220) '/opt/questa/questa_fe/linux_x86_64/../modelsim.ini' is used as the ini file.
-- Compiling module top_altera_merlin_router_1921_sps2lfa_default_decode
-- Compiling module top_altera_merlin_router_1921_sps2lfa

Top level modules:
	top_altera_merlin_router_1921_sps2lfa
End time: 22:49:08 on Apr 27,2026, Elapsed time: 0:00:00
Errors: 0, Warnings: 0
Questa Altera FPGA Edition-64 vlog 2025.2 Compiler 2025.05 May 31 2025
Start time: 22:49:08 on Apr 27,2026
vlog -sv -suppress 13338 ../../../top/altera_merlin_axi_slave_ni_19129/sim/rd_response_mem_midkkly.sv -work ./libraries/altera_merlin_axi_slave_ni_19129 -statslog ./libraries/stats_log -csession=incr -csessiondir ./libraries/sessions 
** Note: (vlog-220) '/opt/questa/questa_fe/linux_x86_64/../modelsim.ini' is used as the ini file.
-- Compiling module rd_response_mem_midkkly
-- Compiling module rd_demux_midkkly
-- Compiling module rd_mux_midkkly

Top level modules:
	rd_response_mem_midkkly
End time: 22:49:08 on Apr 27,2026, Elapsed time: 0:00:00
Errors: 0, Warnings: 0
Questa Altera FPGA Edition-64 vlog 2025.2 Compiler 2025.05 May 31 2025
Start time: 22:49:08 on Apr 27,2026
vlog -sv -suppress 13338 ../../../top/ip/top_niosv/intel_niosv_c_unit_420/sim/intelfpga/niosv_ram.sv -work ./libraries/intel_niosv_c_unit_420 -statslog ./libraries/stats_log -csession=incr -csessiondir ./libraries/sessions 
** Note: (vlog-220) '/opt/questa/questa_fe/linux_x86_64/../modelsim.ini' is used as the ini file.

Top level modules:
End time: 22:49:08 on Apr 27,2026, Elapsed time: 0:00:00
Errors: 0, Warnings: 0
Questa Altera FPGA Edition-64 vlog 2025.2 Compiler 2025.05 May 31 2025
Start time: 22:49:08 on Apr 27,2026
vlog -sv -suppress 13338 ../../../top/altera_merlin_axi_slave_ni_19129/sim/rd_comp_sel_midkkly.sv -work ./libraries/altera_merlin_axi_slave_ni_19129 -statslog ./libraries/stats_log -csession=incr -csessiondir ./libraries/sessions 
** Note: (vlog-220) '/opt/questa/questa_fe/linux_x86_64/../modelsim.ini' is used as the ini file.
-- Compiling module rd_comp_sel_midkkly

Top level modules:
	rd_comp_sel_midkkly
End time: 22:49:08 on Apr 27,2026, Elapsed time: 0:00:00
Errors: 0, Warnings: 0
Questa Altera FPGA Edition-64 vlog 2025.2 Compiler 2025.05 May 31 2025
Start time: 22:49:08 on Apr 27,2026
vlog -sv -suppress 13338 ../../../top/ip/top_niosv/intel_niosv_c_unit_420/sim/intelfpga/niosv_cpp.pkg.sv -work ./libraries/intel_niosv_c_unit_420 -statslog ./libraries/stats_log -csession=incr -csessiondir ./libraries/sessions 
** Note: (vlog-220) '/opt/questa/questa_fe/linux_x86_64/../modelsim.ini' is used as the ini file.

Top level modules:
	--none--
End time: 22:49:08 on Apr 27,2026, Elapsed time: 0:00:00
Errors: 0, Warnings: 0
Questa Altera FPGA Edition-64 vlog 2025.2 Compiler 2025.05 May 31 2025
Start time: 22:49:08 on Apr 27,2026
vlog -sv -suppress 13338 ../../../top/altera_merlin_axi_slave_ni_19129/sim/rd_pri_mux_midkkly.sv -work ./libraries/altera_merlin_axi_slave_ni_19129 -statslog ./libraries/stats_log -csession=incr -csessiondir ./libraries/sessions 
** Note: (vlog-220) '/opt/questa/questa_fe/linux_x86_64/../modelsim.ini' is used as the ini file.
-- Compiling module rd_pri_mux_midkkly

Top level modules:
	rd_pri_mux_midkkly
End time: 22:49:08 on Apr 27,2026, Elapsed time: 0:00:00
Errors: 0, Warnings: 0
Questa Altera FPGA Edition-64 vlog 2025.2 Compiler 2025.05 May 31 2025
Start time: 22:49:08 on Apr 27,2026
vlog -sv -suppress 13338 ../../../top/ip/top_niosv/intel_niosv_c_unit_420/sim/intelfpga/niosv_cpp_alu.sv -work ./libraries/intel_niosv_c_unit_420 -statslog ./libraries/stats_log -csession=incr -csessiondir ./libraries/sessions 
** Note: (vlog-220) '/opt/questa/questa_fe/linux_x86_64/../modelsim.ini' is used as the ini file.

Top level modules:
End time: 22:49:08 on Apr 27,2026, Elapsed time: 0:00:00
Errors: 0, Warnings: 0
Questa Altera FPGA Edition-64 vlog 2025.2 Compiler 2025.05 May 31 2025
Start time: 22:49:08 on Apr 27,2026
vlog -sv -suppress 13338 ../../../top/altera_merlin_axi_slave_ni_19129/sim/rd_sipo_plus_midkkly.sv -work ./libraries/altera_merlin_axi_slave_ni_19129 -statslog ./libraries/stats_log -csession=incr -csessiondir ./libraries/sessions 
** Note: (vlog-220) '/opt/questa/questa_fe/linux_x86_64/../modelsim.ini' is used as the ini file.
-- Compiling module rd_sipo_plus_midkkly

Top level modules:
	rd_sipo_plus_midkkly
End time: 22:49:08 on Apr 27,2026, Elapsed time: 0:00:00
Errors: 0, Warnings: 0
Questa Altera FPGA Edition-64 vlog 2025.2 Compiler 2025.05 May 31 2025
Start time: 22:49:08 on Apr 27,2026
vlog -sv -suppress 13338 ../../../top/ip/top_niosv/intel_niosv_c_unit_420/sim/intelfpga/niosv_cpp_mult.sv -work ./libraries/intel_niosv_c_unit_420 -statslog ./libraries/stats_log -csession=incr -csessiondir ./libraries/sessions 
** Note: (vlog-220) '/opt/questa/questa_fe/linux_x86_64/../modelsim.ini' is used as the ini file.

Top level modules:
End time: 22:49:08 on Apr 27,2026, Elapsed time: 0:00:00
Errors: 0, Warnings: 0
Questa Altera FPGA Edition-64 vlog 2025.2 Compiler 2025.05 May 31 2025
Start time: 22:49:08 on Apr 27,2026
vlog -sv -suppress 13338 ../../../top/altera_merlin_axi_slave_ni_19129/sim/wr_response_mem_midkkly.sv -work ./libraries/altera_merlin_axi_slave_ni_19129 -statslog ./libraries/stats_log -csession=incr -csessiondir ./libraries/sessions 
** Note: (vlog-220) '/opt/questa/questa_fe/linux_x86_64/../modelsim.ini' is used as the ini file.
-- Compiling module wr_response_mem_midkkly
-- Compiling module wr_demux_midkkly
-- Compiling module wr_mux_midkkly

Top level modules:
	wr_response_mem_midkkly
End time: 22:49:08 on Apr 27,2026, Elapsed time: 0:00:00
Errors: 0, Warnings: 0
Questa Altera FPGA Edition-64 vlog 2025.2 Compiler 2025.05 May 31 2025
Start time: 22:49:08 on Apr 27,2026
vlog -sv -suppress 13338 ../../../top/ip/top_niosv/intel_niosv_c_unit_420/sim/intelfpga/niosv_cpp_shift.sv -work ./libraries/intel_niosv_c_unit_420 -statslog ./libraries/stats_log -csession=incr -csessiondir ./libraries/sessions 
** Note: (vlog-220) '/opt/questa/questa_fe/linux_x86_64/../modelsim.ini' is used as the ini file.

Top level modules:
End time: 22:49:08 on Apr 27,2026, Elapsed time: 0:00:00
Errors: 0, Warnings: 0
Questa Altera FPGA Edition-64 vlog 2025.2 Compiler 2025.05 May 31 2025
Start time: 22:49:08 on Apr 27,2026
vlog -sv -suppress 13338 ../../../top/altera_merlin_axi_slave_ni_19129/sim/wr_comp_sel_midkkly.sv -work ./libraries/altera_merlin_axi_slave_ni_19129 -statslog ./libraries/stats_log -csession=incr -csessiondir ./libraries/sessions 
** Note: (vlog-220) '/opt/questa/questa_fe/linux_x86_64/../modelsim.ini' is used as the ini file.
-- Compiling module wr_comp_sel_midkkly

Top level modules:
	wr_comp_sel_midkkly
End time: 22:49:08 on Apr 27,2026, Elapsed time: 0:00:00
Errors: 0, Warnings: 0
Questa Altera FPGA Edition-64 vlog 2025.2 Compiler 2025.05 May 31 2025
Start time: 22:49:08 on Apr 27,2026
vlog -sv -suppress 13338 ../../../top/ip/top_niosv/intel_niosv_c_unit_420/sim/intelfpga/niosv_cpp_shift_fast.sv -work ./libraries/intel_niosv_c_unit_420 -statslog ./libraries/stats_log -csession=incr -csessiondir ./libraries/sessions 
** Note: (vlog-220) '/opt/questa/questa_fe/linux_x86_64/../modelsim.ini' is used as the ini file.

Top level modules:
End time: 22:49:08 on Apr 27,2026, Elapsed time: 0:00:00
Errors: 0, Warnings: 0
Questa Altera FPGA Edition-64 vlog 2025.2 Compiler 2025.05 May 31 2025
Start time: 22:49:08 on Apr 27,2026
vlog -sv -suppress 13338 ../../../top/altera_merlin_axi_slave_ni_19129/sim/wr_pri_mux_midkkly.sv -work ./libraries/altera_merlin_axi_slave_ni_19129 -statslog ./libraries/stats_log -csession=incr -csessiondir ./libraries/sessions 
** Note: (vlog-220) '/opt/questa/questa_fe/linux_x86_64/../modelsim.ini' is used as the ini file.
-- Compiling module wr_pri_mux_midkkly

Top level modules:
	wr_pri_mux_midkkly
End time: 22:49:08 on Apr 27,2026, Elapsed time: 0:00:00
Errors: 0, Warnings: 0
Questa Altera FPGA Edition-64 vlog 2025.2 Compiler 2025.05 May 31 2025
Start time: 22:49:08 on Apr 27,2026
vlog -sv -suppress 13338 ../../../top/ip/top_niosv/intel_niosv_c_unit_420/sim/intelfpga/niosv_cpp_zbb.sv -work ./libraries/intel_niosv_c_unit_420 -statslog ./libraries/stats_log -csession=incr -csessiondir ./libraries/sessions 
** Note: (vlog-220) '/opt/questa/questa_fe/linux_x86_64/../modelsim.ini' is used as the ini file.

Top level modules:
End time: 22:49:08 on Apr 27,2026, Elapsed time: 0:00:00
Errors: 0, Warnings: 0
Questa Altera FPGA Edition-64 vlog 2025.2 Compiler 2025.05 May 31 2025
Start time: 22:49:09 on Apr 27,2026
vlog -sv -suppress 13338 ../../../top/altera_merlin_axi_slave_ni_19129/sim/wr_sipo_plus_midkkly.sv -work ./libraries/altera_merlin_axi_slave_ni_19129 -statslog ./libraries/stats_log -csession=incr -csessiondir ./libraries/sessions 
** Note: (vlog-220) '/opt/questa/questa_fe/linux_x86_64/../modelsim.ini' is used as the ini file.
-- Compiling module wr_sipo_plus_midkkly

Top level modules:
	wr_sipo_plus_midkkly
End time: 22:49:09 on Apr 27,2026, Elapsed time: 0:00:00
Errors: 0, Warnings: 0
Questa Altera FPGA Edition-64 vlog 2025.2 Compiler 2025.05 May 31 2025
Start time: 22:49:09 on Apr 27,2026
vlog -sv -suppress 13338 ../../../top/ip/top_niosv/intel_niosv_c_unit_420/sim/intelfpga/niosv_cpp_rf.sv -work ./libraries/intel_niosv_c_unit_420 -statslog ./libraries/stats_log -csession=incr -csessiondir ./libraries/sessions 
** Note: (vlog-220) '/opt/questa/questa_fe/linux_x86_64/../modelsim.ini' is used as the ini file.

Top level modules:
End time: 22:49:09 on Apr 27,2026, Elapsed time: 0:00:00
Errors: 0, Warnings: 0
Questa Altera FPGA Edition-64 vlog 2025.2 Compiler 2025.05 May 31 2025
Start time: 22:49:09 on Apr 27,2026
vlog -sv -suppress 13338 ../../../top/altera_merlin_axi_slave_ni_19129/sim/top_altera_merlin_axi_slave_ni_19129_midkkly.sv -work ./libraries/altera_merlin_axi_slave_ni_19129 -statslog ./libraries/stats_log -csession=incr -csessiondir ./libraries/sessions 
** Note: (vlog-220) '/opt/questa/questa_fe/linux_x86_64/../modelsim.ini' is used as the ini file.
-- Compiling module top_altera_merlin_axi_slave_ni_19129_midkkly
-- Compiling module burst_split_4k
-- Compiling module wr_burst_split_4k

Top level modules:
	top_altera_merlin_axi_slave_ni_19129_midkkly
End time: 22:49:09 on Apr 27,2026, Elapsed time: 0:00:00
Errors: 0, Warnings: 0
-- Skipping 'vlog -sv -suppress 13338 ../../../top/altera_merlin_axi_slav...'
Questa Altera FPGA Edition-64 vlog 2025.2 Compiler 2025.05 May 31 2025
Start time: 22:49:09 on Apr 27,2026
vlog -sv -suppress 13338 ../../../top/ip/top_niosv/intel_niosv_c_unit_420/sim/intelfpga/niosv_cpp_csr.sv -work ./libraries/intel_niosv_c_unit_420 -statslog ./libraries/stats_log -csession=incr -csessiondir ./libraries/sessions 
** Note: (vlog-220) '/opt/questa/questa_fe/linux_x86_64/../modelsim.ini' is used as the ini file.

Top level modules:
End time: 22:49:09 on Apr 27,2026, Elapsed time: 0:00:00
Errors: 0, Warnings: 0
Questa Altera FPGA Edition-64 vlog 2025.2 Compiler 2025.05 May 31 2025
Start time: 22:49:09 on Apr 27,2026
vlog -sv -suppress 13338 ../../../top/altera_merlin_axi_slave_ni_19129/sim/top_altera_merlin_axi_slave_ni_altera_avalon_st_pipeline_stage_19129_a5cmeay.v -work ./libraries/altera_merlin_axi_slave_ni_19129 -statslog ./libraries/stats_log -csession=incr -csessiondir ./libraries/sessions 
** Note: (vlog-220) '/opt/questa/questa_fe/linux_x86_64/../modelsim.ini' is used as the ini file.
-- Compiling module top_altera_merlin_axi_slave_ni_altera_avalon_st_pipeline_stage_19129_a5cmeay

Top level modules:
	top_altera_merlin_axi_slave_ni_altera_avalon_st_pipeline_stage_19129_a5cmeay
End time: 22:49:09 on Apr 27,2026, Elapsed time: 0:00:00
Errors: 0, Warnings: 0
Questa Altera FPGA Edition-64 vlog 2025.2 Compiler 2025.05 May 31 2025
Start time: 22:49:09 on Apr 27,2026
vlog -sv -suppress 13338 ../../../top/ip/top_niosv/intel_niosv_c_unit_420/sim/intelfpga/niosv_cpp_cdec.sv -work ./libraries/intel_niosv_c_unit_420 -statslog ./libraries/stats_log -csession=incr -csessiondir ./libraries/sessions 
** Note: (vlog-220) '/opt/questa/questa_fe/linux_x86_64/../modelsim.ini' is used as the ini file.

Top level modules:
End time: 22:49:09 on Apr 27,2026, Elapsed time: 0:00:00
Errors: 0, Warnings: 0
Questa Altera FPGA Edition-64 vlog 2025.2 Compiler 2025.05 May 31 2025
Start time: 22:49:09 on Apr 27,2026
vlog -sv -suppress 13338 ../../../top/altera_merlin_axi_slave_ni_19129/sim/top_altera_merlin_axi_slave_ni_altera_avalon_st_pipeline_stage_19129_zyff54i.v -work ./libraries/altera_merlin_axi_slave_ni_19129 -statslog ./libraries/stats_log -csession=incr -csessiondir ./libraries/sessions 
** Note: (vlog-220) '/opt/questa/questa_fe/linux_x86_64/../modelsim.ini' is used as the ini file.
-- Compiling module top_altera_merlin_axi_slave_ni_altera_avalon_st_pipeline_stage_19129_zyff54i

Top level modules:
	top_altera_merlin_axi_slave_ni_altera_avalon_st_pipeline_stage_19129_zyff54i
End time: 22:49:09 on Apr 27,2026, Elapsed time: 0:00:00
Errors: 0, Warnings: 0
-- Skipping 'vlog -sv -suppress 13338 ../../../top/altera_merlin_axi_slav...'
-- Skipping 'vlog -sv -suppress 13338 ../../../top/altera_merlin_axi_slav...'
-- Skipping 'vlog -sv -suppress 13338 ../../../top/altera_merlin_axi_slav...'
-- Skipping 'vlog -sv -suppress 13338 ../../../top/altera_merlin_axi_slav...'
Questa Altera FPGA Edition-64 vlog 2025.2 Compiler 2025.05 May 31 2025
Start time: 22:49:09 on Apr 27,2026
vlog -sv -suppress 13338 ../../../top/ip/top_niosv/intel_niosv_c_unit_420/sim/intelfpga/niosv_cpp_fsm.sv -work ./libraries/intel_niosv_c_unit_420 -statslog ./libraries/stats_log -csession=incr -csessiondir ./libraries/sessions 
** Note: (vlog-220) '/opt/questa/questa_fe/linux_x86_64/../modelsim.ini' is used as the ini file.

Top level modules:
End time: 22:49:09 on Apr 27,2026, Elapsed time: 0:00:00
Errors: 0, Warnings: 0
Questa Altera FPGA Edition-64 vlog 2025.2 Compiler 2025.05 May 31 2025
Start time: 22:49:09 on Apr 27,2026
vlog -sv -suppress 13338 ../../../top/altera_merlin_axi_slave_ni_19129/sim/rd_response_mem_3zujxeq.sv -work ./libraries/altera_merlin_axi_slave_ni_19129 -statslog ./libraries/stats_log -csession=incr -csessiondir ./libraries/sessions 
** Note: (vlog-220) '/opt/questa/questa_fe/linux_x86_64/../modelsim.ini' is used as the ini file.
-- Compiling module rd_response_mem_3zujxeq
-- Compiling module rd_demux_3zujxeq
-- Compiling module rd_mux_3zujxeq

Top level modules:
	rd_response_mem_3zujxeq
End time: 22:49:09 on Apr 27,2026, Elapsed time: 0:00:00
Errors: 0, Warnings: 0
Questa Altera FPGA Edition-64 vlog 2025.2 Compiler 2025.05 May 31 2025
Start time: 22:49:09 on Apr 27,2026
vlog -sv -suppress 13338 ../../../top/ip/top_niosv/intel_niosv_c_unit_420/sim/intelfpga/niosv_axi_channel_fsm.sv -work ./libraries/intel_niosv_c_unit_420 -statslog ./libraries/stats_log -csession=incr -csessiondir ./libraries/sessions 
** Note: (vlog-220) '/opt/questa/questa_fe/linux_x86_64/../modelsim.ini' is used as the ini file.

Top level modules:
End time: 22:49:09 on Apr 27,2026, Elapsed time: 0:00:00
Errors: 0, Warnings: 0
Questa Altera FPGA Edition-64 vlog 2025.2 Compiler 2025.05 May 31 2025
Start time: 22:49:09 on Apr 27,2026
vlog -sv -suppress 13338 ../../../top/altera_merlin_axi_slave_ni_19129/sim/rd_comp_sel_3zujxeq.sv -work ./libraries/altera_merlin_axi_slave_ni_19129 -statslog ./libraries/stats_log -csession=incr -csessiondir ./libraries/sessions 
** Note: (vlog-220) '/opt/questa/questa_fe/linux_x86_64/../modelsim.ini' is used as the ini file.
-- Compiling module rd_comp_sel_3zujxeq

Top level modules:
	rd_comp_sel_3zujxeq
End time: 22:49:09 on Apr 27,2026, Elapsed time: 0:00:00
Errors: 0, Warnings: 0
Questa Altera FPGA Edition-64 vlog 2025.2 Compiler 2025.05 May 31 2025
Start time: 22:49:09 on Apr 27,2026
vlog -sv -suppress 13338 ../../../top/ip/top_niosv/intel_niosv_c_unit_420/sim/intelfpga/niosv_cpp_axi4lite_if.sv -work ./libraries/intel_niosv_c_unit_420 -statslog ./libraries/stats_log -csession=incr -csessiondir ./libraries/sessions 
** Note: (vlog-220) '/opt/questa/questa_fe/linux_x86_64/../modelsim.ini' is used as the ini file.

Top level modules:
End time: 22:49:09 on Apr 27,2026, Elapsed time: 0:00:00
Errors: 0, Warnings: 0
Questa Altera FPGA Edition-64 vlog 2025.2 Compiler 2025.05 May 31 2025
Start time: 22:49:09 on Apr 27,2026
vlog -sv -suppress 13338 ../../../top/altera_merlin_axi_slave_ni_19129/sim/rd_pri_mux_3zujxeq.sv -work ./libraries/altera_merlin_axi_slave_ni_19129 -statslog ./libraries/stats_log -csession=incr -csessiondir ./libraries/sessions 
** Note: (vlog-220) '/opt/questa/questa_fe/linux_x86_64/../modelsim.ini' is used as the ini file.
-- Compiling module rd_pri_mux_3zujxeq

Top level modules:
	rd_pri_mux_3zujxeq
End time: 22:49:09 on Apr 27,2026, Elapsed time: 0:00:00
Errors: 0, Warnings: 0
Questa Altera FPGA Edition-64 vlog 2025.2 Compiler 2025.05 May 31 2025
Start time: 22:49:09 on Apr 27,2026
vlog -sv -suppress 13338 ../../../top/ip/top_niosv/intel_niosv_c_unit_420/sim/intelfpga/niosv_cpp_avalon_if.sv -work ./libraries/intel_niosv_c_unit_420 -statslog ./libraries/stats_log -csession=incr -csessiondir ./libraries/sessions 
** Note: (vlog-220) '/opt/questa/questa_fe/linux_x86_64/../modelsim.ini' is used as the ini file.

Top level modules:
End time: 22:49:09 on Apr 27,2026, Elapsed time: 0:00:00
Errors: 0, Warnings: 0
Questa Altera FPGA Edition-64 vlog 2025.2 Compiler 2025.05 May 31 2025
Start time: 22:49:09 on Apr 27,2026
vlog -sv -suppress 13338 ../../../top/altera_merlin_axi_slave_ni_19129/sim/rd_sipo_plus_3zujxeq.sv -work ./libraries/altera_merlin_axi_slave_ni_19129 -statslog ./libraries/stats_log -csession=incr -csessiondir ./libraries/sessions 
** Note: (vlog-220) '/opt/questa/questa_fe/linux_x86_64/../modelsim.ini' is used as the ini file.
-- Compiling module rd_sipo_plus_3zujxeq

Top level modules:
	rd_sipo_plus_3zujxeq
End time: 22:49:09 on Apr 27,2026, Elapsed time: 0:00:00
Errors: 0, Warnings: 0
Questa Altera FPGA Edition-64 vlog 2025.2 Compiler 2025.05 May 31 2025
Start time: 22:49:09 on Apr 27,2026
vlog -sv -suppress 13338 ../../../top/ip/top_niosv/intel_niosv_c_unit_420/sim/intelfpga/niosv_cpp_core.sv -work ./libraries/intel_niosv_c_unit_420 -statslog ./libraries/stats_log -csession=incr -csessiondir ./libraries/sessions 
** Note: (vlog-220) '/opt/questa/questa_fe/linux_x86_64/../modelsim.ini' is used as the ini file.

Top level modules:
End time: 22:49:09 on Apr 27,2026, Elapsed time: 0:00:00
Errors: 0, Warnings: 0
Questa Altera FPGA Edition-64 vlog 2025.2 Compiler 2025.05 May 31 2025
Start time: 22:49:09 on Apr 27,2026
vlog -sv -suppress 13338 ../../../top/altera_merlin_axi_slave_ni_19129/sim/wr_response_mem_3zujxeq.sv -work ./libraries/altera_merlin_axi_slave_ni_19129 -statslog ./libraries/stats_log -csession=incr -csessiondir ./libraries/sessions 
** Note: (vlog-220) '/opt/questa/questa_fe/linux_x86_64/../modelsim.ini' is used as the ini file.
-- Compiling module wr_response_mem_3zujxeq
-- Compiling module wr_demux_3zujxeq
-- Compiling module wr_mux_3zujxeq

Top level modules:
	wr_response_mem_3zujxeq
End time: 22:49:09 on Apr 27,2026, Elapsed time: 0:00:00
Errors: 0, Warnings: 0
Questa Altera FPGA Edition-64 vlog 2025.2 Compiler 2025.05 May 31 2025
Start time: 22:49:09 on Apr 27,2026
vlog -sv -suppress 13338 ../../../top/ip/top_niosv/intel_niosv_c_unit_420/sim/intelfpga/top_niosv_intel_niosv_c_unit_420_i5xhjda.sv -work ./libraries/intel_niosv_c_unit_420 -statslog ./libraries/stats_log -csession=incr -csessiondir ./libraries/sessions 
** Note: (vlog-220) '/opt/questa/questa_fe/linux_x86_64/../modelsim.ini' is used as the ini file.
-- Compiling module top_niosv_intel_niosv_c_unit_420_i5xhjda

Top level modules:
	top_niosv_intel_niosv_c_unit_420_i5xhjda
End time: 22:49:09 on Apr 27,2026, Elapsed time: 0:00:00
Errors: 0, Warnings: 0
Questa Altera FPGA Edition-64 vlog 2025.2 Compiler 2025.05 May 31 2025
Start time: 22:49:09 on Apr 27,2026
vlog -sv -suppress 13338 ../../../top/altera_merlin_axi_slave_ni_19129/sim/wr_comp_sel_3zujxeq.sv -work ./libraries/altera_merlin_axi_slave_ni_19129 -statslog ./libraries/stats_log -csession=incr -csessiondir ./libraries/sessions 
** Note: (vlog-220) '/opt/questa/questa_fe/linux_x86_64/../modelsim.ini' is used as the ini file.
-- Compiling module wr_comp_sel_3zujxeq

Top level modules:
	wr_comp_sel_3zujxeq
End time: 22:49:09 on Apr 27,2026, Elapsed time: 0:00:00
Errors: 0, Warnings: 0
Questa Altera FPGA Edition-64 vlog 2025.2 Compiler 2025.05 May 31 2025
Start time: 22:49:09 on Apr 27,2026
vlog -sv -suppress 13338 ../../../top/altera_merlin_axi_slave_ni_19129/sim/wr_pri_mux_3zujxeq.sv -work ./libraries/altera_merlin_axi_slave_ni_19129 -statslog ./libraries/stats_log -csession=incr -csessiondir ./libraries/sessions 
** Note: (vlog-220) '/opt/questa/questa_fe/linux_x86_64/../modelsim.ini' is used as the ini file.
-- Compiling module wr_pri_mux_3zujxeq

Top level modules:
	wr_pri_mux_3zujxeq
End time: 22:49:09 on Apr 27,2026, Elapsed time: 0:00:00
Errors: 0, Warnings: 0
Questa Altera FPGA Edition-64 vlog 2025.2 Compiler 2025.05 May 31 2025
Start time: 22:49:09 on Apr 27,2026
vlog -sv -suppress 13338 ../../../top/altera_merlin_axi_slave_ni_19129/sim/wr_sipo_plus_3zujxeq.sv -work ./libraries/altera_merlin_axi_slave_ni_19129 -statslog ./libraries/stats_log -csession=incr -csessiondir ./libraries/sessions 
** Note: (vlog-220) '/opt/questa/questa_fe/linux_x86_64/../modelsim.ini' is used as the ini file.
-- Compiling module wr_sipo_plus_3zujxeq

Top level modules:
	wr_sipo_plus_3zujxeq
End time: 22:49:09 on Apr 27,2026, Elapsed time: 0:00:00
Errors: 0, Warnings: 0
Questa Altera FPGA Edition-64 vlog 2025.2 Compiler 2025.05 May 31 2025
Start time: 22:49:09 on Apr 27,2026
vlog -sv -suppress 13338 ../../../top/altera_merlin_axi_slave_ni_19129/sim/top_altera_merlin_axi_slave_ni_19129_3zujxeq.sv -work ./libraries/altera_merlin_axi_slave_ni_19129 -statslog ./libraries/stats_log -csession=incr -csessiondir ./libraries/sessions 
** Note: (vlog-220) '/opt/questa/questa_fe/linux_x86_64/../modelsim.ini' is used as the ini file.
-- Compiling module top_altera_merlin_axi_slave_ni_19129_3zujxeq
-- Compiling module burst_split_4k
-- Compiling module wr_burst_split_4k

Top level modules:
	top_altera_merlin_axi_slave_ni_19129_3zujxeq
End time: 22:49:09 on Apr 27,2026, Elapsed time: 0:00:00
Errors: 0, Warnings: 0
End time: 22:49:09 on Apr 27,2026, Elapsed time: 0:00:03
*** Summary *********************************************
    qrun: Errors:   0, Warnings:   0
    vlog: Errors:   0, Warnings:   2
  Totals: Errors:   0, Warnings:   2
