Archive Project report for top
Fri May  1 13:05:11 2026
Quartus Prime Version 26.1.0 Build 110 03/26/2026 SC Pro Edition


---------------------
; Table of Contents ;
---------------------
  1. Legal Notice
  2. Archive Project Summary
  3. Archive Project Messages
  4. Files Archived



----------------
; Legal Notice ;
----------------
Copyright (C) 2026  Altera Corporation. All rights reserved.
Your use of Altera Corporation's design tools, logic functions 
and other software and tools, and any partner logic 
functions, and any output files from any of the foregoing 
(including device programming or simulation files), and any 
associated documentation or information are expressly subject 
to the terms and conditions of the Altera Program License 
Subscription Agreement, the Altera Quartus Prime License Agreement,
the Altera IP License Agreement, or other applicable license
agreement, including, without limitation, that your use is for
the sole purpose of programming logic devices manufactured by
Altera and sold by Altera or its authorized distributors.  Please
refer to the Altera Software License Subscription Agreements 
on the Quartus Prime software download page.



+----------------------------------------------------------------+
; Archive Project Summary                                        ;
+------------------------+---------------------------------------+
; Archive Project Status ; Successful - Fri May  1 13:05:11 2026 ;
; Revision Name          ; top                                   ;
; Top-level Entity Name  ; top                                   ;
; Family                 ; Agilex 3                              ;
+------------------------+---------------------------------------+


+--------------------------+
; Archive Project Messages ;
+--------------------------+
Info: File Set 'Source control' contains:
    Info: Project source and settings files
    Info: Automatically detected source files
Info: Loading elaborated checkpoint under DNI mode
Info: Archive will store files relative to the closest common parent directory
Info (13213): Using common directory /altera_examples/altera_learn/proj/3_ram_dsp_alm/cmpl_proj/
Info: ----------------------------------------------------------
Info: ----------------------------------------------------------
Info: Generated archive '/altera_examples/altera_learn/proj/3_ram_dsp_alm/primitive_infer.qar'
Info: ----------------------------------------------------------
Info: ----------------------------------------------------------
Info: Generated report 'top.archive.rpt'
Info (23030): Evaluation of Tcl script /opt/altera/qpro_26_1/quartus/common/tcl/apps/qpm/qar.tcl was successful
Info: Quartus Prime Shell was successful. 0 errors, 0 warnings
    Info: Peak virtual memory: 1474 megabytes
    Info: Processing ended: Fri May  1 13:05:11 2026
    Info: Elapsed time: 00:00:01
    Info: System process ID: 11963


+---------------------------------------------------------------+
; Files Archived                                                ;
+---------------------------------------------------------------+
; File Name                                                     ;
+---------------------------------------------------------------+
; /opt/altera/qpro_26_1/quartus/linux64/assignment_defaults.qdf ;
; top.qpf                                                       ;
; top.qsf                                                       ;
; top.sv                                                        ;
+---------------------------------------------------------------+


